2026-01-20 23:45:01,229 - rag-cataloger - INFO - Saved uploaded file to data\1a05ed3b-0929-424c-85a1-3f0ee6c8c3fe.pdf
2026-01-20 23:45:04,308 - rag-cataloger - INFO - Extracted 93 chunks from attention-is-all-you-need.pdf
2026-01-20 23:45:04,318 - rag-cataloger - INFO - Extracted 194 topics from attention-is-all-you-need.pdf
2026-01-20 23:45:04,324 - rag-cataloger - INFO - Extracted 10 keywords from attention-is-all-you-need.pdf
2026-01-20 23:45:04,328 - rag-cataloger - INFO - Detected 0 potential tables in attention-is-all-you-need.pdf
2026-01-20 23:45:04,330 - rag-cataloger - INFO - Creating FAISS index for document: 1a05ed3b-0929-424c-85a1-3f0ee6c8c3fe
2026-01-20 23:45:04,344 - rag-cataloger - INFO - Indexing 93 items
2026-01-20 23:45:04,354 - rag-cataloger - INFO - Loading embedding model: sentence-transformers/all-MiniLM-L6-v2
2026-01-20 23:47:19,899 - rag-cataloger - INFO - Saved uploaded file to data\bfda9019-4acf-42fe-ae65-bde09afefc67.pdf
2026-01-20 23:47:23,542 - rag-cataloger - INFO - Extracted 93 chunks from attention-is-all-you-need.pdf
2026-01-20 23:47:23,552 - rag-cataloger - INFO - Extracted 194 topics from attention-is-all-you-need.pdf
2026-01-20 23:47:23,560 - rag-cataloger - INFO - Extracted 10 keywords from attention-is-all-you-need.pdf
2026-01-20 23:47:23,565 - rag-cataloger - INFO - Detected 0 potential tables in attention-is-all-you-need.pdf
2026-01-20 23:47:23,568 - rag-cataloger - INFO - Creating FAISS index for document: bfda9019-4acf-42fe-ae65-bde09afefc67
2026-01-20 23:47:23,570 - rag-cataloger - INFO - Indexing 93 items
2026-01-20 23:47:23,572 - rag-cataloger - INFO - Loading embedding model: sentence-transformers/all-MiniLM-L6-v2
2026-01-20 23:47:23,578 - sentence_transformers.SentenceTransformer - INFO - Load pretrained SentenceTransformer: sentence-transformers/all-MiniLM-L6-v2
2026-01-20 23:47:28,662 - rag-cataloger - INFO - Embedding model loaded successfully
2026-01-20 23:47:49,417 - faiss.loader - INFO - Loading faiss.
2026-01-20 23:47:49,554 - faiss.loader - INFO - Successfully loaded faiss.
2026-01-20 23:47:49,587 - rag-cataloger - INFO - FAISS index saved to faiss_index\bfda9019-4acf-42fe-ae65-bde09afefc67
2026-01-20 23:47:49,590 - rag-cataloger - INFO - Created FAISS index for document bfda9019-4acf-42fe-ae65-bde09afefc67
2026-01-20 23:47:49,618 - rag-cataloger - INFO - Saved metadata for document bfda9019-4acf-42fe-ae65-bde09afefc67
2026-01-20 23:47:49,634 - asyncio - ERROR - Exception in callback BaseProactorEventLoop._start_serving.<locals>.loop(<_OverlappedF...0.1', 51748))>) at C:\Program Files\WindowsApps\PythonSoftwareFoundation.Python.3.11_3.11.2544.0_x64__qbz5n2kfra8p0\Lib\asyncio\proactor_events.py:840
handle: <Handle BaseProactorEventLoop._start_serving.<locals>.loop(<_OverlappedF...0.1', 51748))>) at C:\Program Files\WindowsApps\PythonSoftwareFoundation.Python.3.11_3.11.2544.0_x64__qbz5n2kfra8p0\Lib\asyncio\proactor_events.py:840>
Traceback (most recent call last):
  File "C:\Program Files\WindowsApps\PythonSoftwareFoundation.Python.3.11_3.11.2544.0_x64__qbz5n2kfra8p0\Lib\asyncio\events.py", line 84, in _run
    self._context.run(self._callback, *self._args)
  File "C:\Program Files\WindowsApps\PythonSoftwareFoundation.Python.3.11_3.11.2544.0_x64__qbz5n2kfra8p0\Lib\asyncio\proactor_events.py", line 855, in loop
    self._make_socket_transport(
  File "C:\Program Files\WindowsApps\PythonSoftwareFoundation.Python.3.11_3.11.2544.0_x64__qbz5n2kfra8p0\Lib\asyncio\proactor_events.py", line 646, in _make_socket_transport
    return _ProactorSocketTransport(self, sock, protocol, waiter,
           ^^^^^^^^^^^^^^^^^^^^^^^^^^^^^^^^^^^^^^^^^^^^^^^^^^^^^^
  File "C:\Program Files\WindowsApps\PythonSoftwareFoundation.Python.3.11_3.11.2544.0_x64__qbz5n2kfra8p0\Lib\asyncio\proactor_events.py", line 612, in __init__
    super().__init__(loop, sock, protocol, waiter, extra, server)
  File "C:\Program Files\WindowsApps\PythonSoftwareFoundation.Python.3.11_3.11.2544.0_x64__qbz5n2kfra8p0\Lib\asyncio\proactor_events.py", line 189, in __init__
    super().__init__(loop, sock, protocol, waiter, extra, server)
  File "C:\Program Files\WindowsApps\PythonSoftwareFoundation.Python.3.11_3.11.2544.0_x64__qbz5n2kfra8p0\Lib\asyncio\proactor_events.py", line 334, in __init__
    super().__init__(*args, **kw)
  File "C:\Program Files\WindowsApps\PythonSoftwareFoundation.Python.3.11_3.11.2544.0_x64__qbz5n2kfra8p0\Lib\asyncio\proactor_events.py", line 66, in __init__
    self._server._attach()
  File "C:\Program Files\WindowsApps\PythonSoftwareFoundation.Python.3.11_3.11.2544.0_x64__qbz5n2kfra8p0\Lib\asyncio\base_events.py", line 295, in _attach
    assert self._sockets is not None
           ^^^^^^^^^^^^^^^^^^^^^^^^^
AssertionError
2026-01-20 23:47:49,647 - asyncio - ERROR - Exception in callback _ProactorReadPipeTransport._loop_reading(<_OverlappedF... result=65536>)
handle: <Handle _ProactorReadPipeTransport._loop_reading(<_OverlappedF... result=65536>)>
Traceback (most recent call last):
  File "C:\Program Files\WindowsApps\PythonSoftwareFoundation.Python.3.11_3.11.2544.0_x64__qbz5n2kfra8p0\Lib\asyncio\events.py", line 84, in _run
    self._context.run(self._callback, *self._args)
  File "C:\Program Files\WindowsApps\PythonSoftwareFoundation.Python.3.11_3.11.2544.0_x64__qbz5n2kfra8p0\Lib\asyncio\proactor_events.py", line 324, in _loop_reading
    self._data_received(data, length)
  File "C:\Program Files\WindowsApps\PythonSoftwareFoundation.Python.3.11_3.11.2544.0_x64__qbz5n2kfra8p0\Lib\asyncio\proactor_events.py", line 274, in _data_received
    self._protocol.data_received(data)
  File "C:\Users\Ghazi\AppData\Local\Packages\PythonSoftwareFoundation.Python.3.11_qbz5n2kfra8p0\LocalCache\local-packages\Python311\site-packages\uvicorn\protocols\http\h11_impl.py", line 174, in data_received
    self.handle_events()
  File "C:\Users\Ghazi\AppData\Local\Packages\PythonSoftwareFoundation.Python.3.11_qbz5n2kfra8p0\LocalCache\local-packages\Python311\site-packages\uvicorn\protocols\http\h11_impl.py", line 183, in handle_events
    self.send_400_response(msg)
  File "C:\Users\Ghazi\AppData\Local\Packages\PythonSoftwareFoundation.Python.3.11_qbz5n2kfra8p0\LocalCache\local-packages\Python311\site-packages\uvicorn\protocols\http\h11_impl.py", line 305, in send_400_response
    output = self.conn.send(event)
             ^^^^^^^^^^^^^^^^^^^^^
  File "C:\Users\Ghazi\AppData\Local\Packages\PythonSoftwareFoundation.Python.3.11_qbz5n2kfra8p0\LocalCache\local-packages\Python311\site-packages\h11\_connection.py", line 538, in send
    data_list = self.send_with_data_passthrough(event)
                ^^^^^^^^^^^^^^^^^^^^^^^^^^^^^^^^^^^^^^
  File "C:\Users\Ghazi\AppData\Local\Packages\PythonSoftwareFoundation.Python.3.11_qbz5n2kfra8p0\LocalCache\local-packages\Python311\site-packages\h11\_connection.py", line 563, in send_with_data_passthrough
    self._process_event(self.our_role, event)
  File "C:\Users\Ghazi\AppData\Local\Packages\PythonSoftwareFoundation.Python.3.11_qbz5n2kfra8p0\LocalCache\local-packages\Python311\site-packages\h11\_connection.py", line 284, in _process_event
    self._cstate.process_event(role, type(event), server_switch_event)
  File "C:\Users\Ghazi\AppData\Local\Packages\PythonSoftwareFoundation.Python.3.11_qbz5n2kfra8p0\LocalCache\local-packages\Python311\site-packages\h11\_state.py", line 291, in process_event
    self._fire_event_triggered_transitions(role, _event_type)
  File "C:\Users\Ghazi\AppData\Local\Packages\PythonSoftwareFoundation.Python.3.11_qbz5n2kfra8p0\LocalCache\local-packages\Python311\site-packages\h11\_state.py", line 309, in _fire_event_triggered_transitions
    raise LocalProtocolError(
h11._util.LocalProtocolError: can't handle event type Response when role=SERVER and state=CLOSED
2026-01-20 23:47:49,699 - rag-cataloger - INFO - Saved uploaded file to data\014ca505-e52a-4ae5-9fca-fbc8d10b8572.pdf
2026-01-20 23:47:53,239 - rag-cataloger - INFO - Extracted 93 chunks from attention-is-all-you-need.pdf
2026-01-20 23:47:53,249 - rag-cataloger - INFO - Extracted 194 topics from attention-is-all-you-need.pdf
2026-01-20 23:47:53,257 - rag-cataloger - INFO - Extracted 10 keywords from attention-is-all-you-need.pdf
2026-01-20 23:47:53,263 - rag-cataloger - INFO - Detected 0 potential tables in attention-is-all-you-need.pdf
2026-01-20 23:47:53,265 - rag-cataloger - INFO - Creating FAISS index for document: 014ca505-e52a-4ae5-9fca-fbc8d10b8572
2026-01-20 23:47:53,268 - rag-cataloger - INFO - Indexing 93 items
2026-01-20 23:48:13,094 - rag-cataloger - INFO - FAISS index saved to faiss_index\014ca505-e52a-4ae5-9fca-fbc8d10b8572
2026-01-20 23:48:13,095 - rag-cataloger - INFO - Created FAISS index for document 014ca505-e52a-4ae5-9fca-fbc8d10b8572
2026-01-20 23:48:13,107 - rag-cataloger - INFO - Saved metadata for document 014ca505-e52a-4ae5-9fca-fbc8d10b8572
2026-01-20 23:49:25,794 - rag-cataloger - INFO - Saved uploaded file to data\f4b296c9-c7b8-442b-8e58-fca7b71a9b68.pdf
2026-01-20 23:49:28,330 - rag-cataloger - INFO - Extracted 93 chunks from attention-is-all-you-need.pdf
2026-01-20 23:49:28,339 - rag-cataloger - INFO - Extracted 194 topics from attention-is-all-you-need.pdf
2026-01-20 23:49:28,348 - rag-cataloger - INFO - Extracted 10 keywords from attention-is-all-you-need.pdf
2026-01-20 23:49:28,361 - rag-cataloger - INFO - Detected 0 potential tables in attention-is-all-you-need.pdf
2026-01-20 23:49:28,367 - rag-cataloger - INFO - Creating FAISS index for document: f4b296c9-c7b8-442b-8e58-fca7b71a9b68
2026-01-20 23:49:28,369 - rag-cataloger - INFO - Indexing 93 items
2026-01-20 23:49:28,370 - rag-cataloger - INFO - Loading embedding model: sentence-transformers/all-MiniLM-L6-v2
2026-01-20 23:49:28,376 - sentence_transformers.SentenceTransformer - INFO - Load pretrained SentenceTransformer: sentence-transformers/all-MiniLM-L6-v2
2026-01-20 23:49:34,089 - rag-cataloger - INFO - Embedding model loaded successfully
2026-01-20 23:49:51,655 - faiss.loader - INFO - Loading faiss.
2026-01-20 23:49:51,697 - faiss.loader - INFO - Successfully loaded faiss.
2026-01-20 23:49:51,724 - rag-cataloger - INFO - FAISS index saved to faiss_index\f4b296c9-c7b8-442b-8e58-fca7b71a9b68
2026-01-20 23:49:51,727 - rag-cataloger - INFO - Created FAISS index for document f4b296c9-c7b8-442b-8e58-fca7b71a9b68
2026-01-20 23:49:51,744 - rag-cataloger - INFO - Saved metadata for document f4b296c9-c7b8-442b-8e58-fca7b71a9b68
2026-01-21 19:41:43,938 - rag-cataloger - INFO - Saved uploaded file to data\1bf7cd84-d366-403a-b453-dfbd112a57b4.pdf
2026-01-21 19:41:45,834 - rag-cataloger - INFO - Extracted 93 chunks from attention-is-all-you-need.pdf
2026-01-21 19:41:45,842 - rag-cataloger - INFO - Extracted 192 topics
2026-01-21 19:41:45,848 - rag-cataloger - INFO - Extracted 10 keywords
2026-01-21 19:41:45,852 - rag-cataloger - INFO - Detected 0 tables
2026-01-21 19:41:45,854 - rag-cataloger - INFO - Creating FAISS index for document: 1bf7cd84-d366-403a-b453-dfbd112a57b4
2026-01-21 19:41:45,860 - rag-cataloger - INFO - Indexing 93 items
2026-01-21 19:41:45,862 - rag-cataloger - INFO - Loading embedding model: sentence-transformers/all-MiniLM-L6-v2
2026-01-21 19:41:45,874 - sentence_transformers.SentenceTransformer - INFO - Load pretrained SentenceTransformer: sentence-transformers/all-MiniLM-L6-v2
2026-01-21 19:41:51,333 - rag-cataloger - INFO - Embedding model loaded successfully
2026-01-21 19:42:06,787 - faiss.loader - INFO - Loading faiss.
2026-01-21 19:42:07,350 - faiss.loader - INFO - Successfully loaded faiss.
2026-01-21 19:42:07,431 - rag-cataloger - INFO - FAISS index saved to faiss_index\1bf7cd84-d366-403a-b453-dfbd112a57b4
2026-01-21 19:42:07,432 - rag-cataloger - INFO - Created FAISS index for document 1bf7cd84-d366-403a-b453-dfbd112a57b4
2026-01-21 19:42:07,454 - rag-cataloger - INFO - Saved metadata for document 1bf7cd84-d366-403a-b453-dfbd112a57b4
2026-01-21 21:04:40,656 - rag-cataloger - INFO - Starting RAG Document Cataloger...
2026-01-21 21:04:40,656 - rag-cataloger - INFO - Starting RAG Document Cataloger...
2026-01-21 21:04:40,731 - rag-cataloger - INFO - Database initialized
2026-01-21 21:04:40,731 - rag-cataloger - INFO - Database initialized
2026-01-21 21:04:40,731 - rag-cataloger - INFO - Upload directory: C:\Users\Wasam\rag-document-cataloger\data\uploads
2026-01-21 21:04:40,731 - rag-cataloger - INFO - Data directory: C:\Users\Wasam\rag-document-cataloger\data
2026-01-21 21:04:40,736 - rag-cataloger - INFO - Table images directory: C:\Users\Wasam\rag-document-cataloger\data\table_images
2026-01-21 21:04:40,736 - rag-cataloger - INFO - Application started successfully
2026-01-21 21:04:40,747 - rag-cataloger - INFO - Database initialized
2026-01-21 21:04:40,748 - rag-cataloger - INFO - Database initialized
2026-01-21 21:04:40,751 - rag-cataloger - INFO - Upload directory: C:\Users\Wasam\rag-document-cataloger\data\uploads
2026-01-21 21:04:40,752 - rag-cataloger - INFO - Data directory: C:\Users\Wasam\rag-document-cataloger\data
2026-01-21 21:04:40,754 - rag-cataloger - INFO - Table images directory: C:\Users\Wasam\rag-document-cataloger\data\table_images
2026-01-21 21:04:40,760 - rag-cataloger - INFO - Application started successfully
2026-01-21 21:04:58,646 - rag-cataloger - INFO - Starting RAG Document Cataloger...
2026-01-21 21:04:58,651 - rag-cataloger - INFO - Starting RAG Document Cataloger...
2026-01-21 21:04:58,656 - rag-cataloger - INFO - Database initialized
2026-01-21 21:04:58,656 - rag-cataloger - INFO - Database initialized
2026-01-21 21:04:58,656 - rag-cataloger - INFO - Application started
2026-01-21 21:04:58,659 - rag-cataloger - INFO - Application started
2026-01-21 21:05:39,481 - rag-cataloger - INFO - Starting RAG Document Cataloger...
2026-01-21 21:05:39,486 - rag-cataloger - INFO - Database initialized
2026-01-21 21:05:39,489 - rag-cataloger - INFO - Application started
2026-01-21 21:05:39,513 - rag-cataloger - INFO - Starting RAG Document Cataloger...
2026-01-21 21:05:39,517 - rag-cataloger - INFO - Database initialized
2026-01-21 21:05:39,519 - rag-cataloger - INFO - Application started
2026-01-21 21:05:59,865 - rag-cataloger - INFO - Starting RAG Document Cataloger...
2026-01-21 21:05:59,865 - rag-cataloger - INFO - Database initialized
2026-01-21 21:05:59,871 - rag-cataloger - INFO - Application started
2026-01-21 21:06:18,530 - multipart.multipart - WARNING - Did not find CR at end of boundary (40)
2026-01-21 21:08:33,196 - rag-cataloger - INFO - Starting RAG Document Cataloger...
2026-01-21 21:08:33,200 - rag-cataloger - INFO - Database initialized
2026-01-21 21:08:33,202 - rag-cataloger - INFO - Application started
2026-01-21 21:08:33,203 - rag-cataloger - INFO - Starting RAG Document Cataloger...
2026-01-21 21:08:33,207 - rag-cataloger - INFO - Database initialized
2026-01-21 21:08:33,209 - rag-cataloger - INFO - Application started
2026-01-21 21:08:45,459 - multipart.multipart - WARNING - Did not find CR at end of boundary (40)
2026-01-21 21:08:55,850 - rag-cataloger - INFO - Saved file: C:\Users\Wasam\rag-document-cataloger\data\uploads\0a5b927c-f41e-4a0a-95e6-df49bdd70b1f.pdf
2026-01-21 21:08:56,847 - rag-cataloger - ERROR - Extraction error: extract_pdf() takes 1 positional argument but 2 were given
2026-01-21 21:08:56,847 - rag-cataloger - INFO - Ingested document 0a5b927c-f41e-4a0a-95e6-df49bdd70b1f
2026-01-21 21:09:26,916 - rag-cataloger - INFO - Saved file: C:\Users\Wasam\rag-document-cataloger\data\uploads\9f986a47-e307-4a3e-a2b4-165b2709ab2b.pdf
2026-01-21 21:09:26,926 - rag-cataloger - ERROR - Extraction error: extract_pdf() takes 1 positional argument but 2 were given
2026-01-21 21:09:26,927 - rag-cataloger - INFO - Ingested document 9f986a47-e307-4a3e-a2b4-165b2709ab2b
2026-01-21 21:18:58,621 - rag-cataloger - INFO - Starting RAG Document Cataloger...
2026-01-21 21:18:58,626 - rag-cataloger - INFO - Database initialized
2026-01-21 21:18:58,626 - rag-cataloger - INFO - Application started
2026-01-21 21:18:58,750 - rag-cataloger - INFO - Starting RAG Document Cataloger...
2026-01-21 21:18:58,755 - rag-cataloger - INFO - Database initialized
2026-01-21 21:18:58,756 - rag-cataloger - INFO - Application started
2026-01-21 21:19:10,539 - rag-cataloger - INFO - Starting RAG Document Cataloger...
2026-01-21 21:19:10,539 - rag-cataloger - INFO - Starting RAG Document Cataloger...
2026-01-21 21:19:10,539 - rag-cataloger - INFO - Database initialized
2026-01-21 21:19:10,546 - rag-cataloger - INFO - Application started
2026-01-21 21:19:10,549 - rag-cataloger - INFO - Database initialized
2026-01-21 21:19:10,550 - rag-cataloger - INFO - Application started
2026-01-21 21:19:19,726 - rag-cataloger - INFO - Starting RAG Document Cataloger...
2026-01-21 21:19:19,728 - rag-cataloger - INFO - Starting RAG Document Cataloger...
2026-01-21 21:19:19,730 - rag-cataloger - INFO - Database initialized
2026-01-21 21:19:19,732 - rag-cataloger - INFO - Application started
2026-01-21 21:19:19,732 - rag-cataloger - INFO - Database initialized
2026-01-21 21:19:19,735 - rag-cataloger - INFO - Application started
2026-01-21 21:19:37,480 - rag-cataloger - INFO - Starting RAG Document Cataloger...
2026-01-21 21:19:37,483 - rag-cataloger - INFO - Database initialized
2026-01-21 21:19:37,485 - rag-cataloger - INFO - Application started
2026-01-21 21:19:37,495 - rag-cataloger - INFO - Starting RAG Document Cataloger...
2026-01-21 21:19:37,500 - rag-cataloger - INFO - Database initialized
2026-01-21 21:19:37,501 - rag-cataloger - INFO - Application started
2026-01-21 21:19:46,796 - rag-cataloger - INFO - Saved file: C:\Users\Wasam\rag-document-cataloger\data\uploads\7a33b08b-f0cb-469b-9bd7-dde5508f5b7a.pdf
2026-01-21 21:20:00,108 - rag-cataloger - INFO - Extracted PDF: 15 chunks, 10 tables
2026-01-21 21:20:08,489 - rag-cataloger - ERROR - Index error: cannot import name 'build_faiss_index' from 'app.services.index.faiss_store' (C:\Users\Wasam\rag-document-cataloger\app\services\index\faiss_store.py)
2026-01-21 21:20:08,490 - rag-cataloger - INFO - Ingested document 7a33b08b-f0cb-469b-9bd7-dde5508f5b7a
2026-01-21 21:21:27,041 - rag-cataloger - INFO - Saved file: C:\Users\Wasam\rag-document-cataloger\data\uploads\361b4654-c1af-49b1-92a0-eff62c0330e0.pdf
2026-01-21 21:21:27,260 - rag-cataloger - INFO - Extracted PDF: 1 chunks, 0 tables
2026-01-21 21:21:27,296 - rag-cataloger - ERROR - Index error: cannot import name 'build_faiss_index' from 'app.services.index.faiss_store' (C:\Users\Wasam\rag-document-cataloger\app\services\index\faiss_store.py)
2026-01-21 21:21:27,297 - rag-cataloger - INFO - Ingested document 361b4654-c1af-49b1-92a0-eff62c0330e0
2026-01-21 21:21:54,120 - rag-cataloger - INFO - Saved file: C:\Users\Wasam\rag-document-cataloger\data\uploads\5ab2965f-e22c-4dc2-8036-8bad925c9362.pdf
2026-01-21 21:21:55,961 - rag-cataloger - INFO - Extracted PDF: 13 chunks, 0 tables
2026-01-21 21:21:56,006 - rag-cataloger - ERROR - Index error: cannot import name 'build_faiss_index' from 'app.services.index.faiss_store' (C:\Users\Wasam\rag-document-cataloger\app\services\index\faiss_store.py)
2026-01-21 21:21:56,006 - rag-cataloger - INFO - Ingested document 5ab2965f-e22c-4dc2-8036-8bad925c9362
2026-01-23 15:43:23,460 - rag-cataloger - INFO - Starting RAG Document Cataloger...
2026-01-23 15:43:23,485 - rag-cataloger - INFO - Database initialized
2026-01-23 15:43:23,487 - rag-cataloger - INFO - Application started
2026-01-23 15:45:47,156 - rag-cataloger - INFO - Starting RAG Document Cataloger...
2026-01-23 15:45:47,160 - rag-cataloger - INFO - Database initialized
2026-01-23 15:45:47,161 - rag-cataloger - INFO - Application started
2026-01-23 15:54:30,204 - rag-cataloger - INFO - Starting RAG Document Cataloger...
2026-01-23 15:54:51,716 - rag-cataloger - INFO - Starting RAG Document Cataloger...
2026-01-23 15:56:57,673 - rag-cataloger - INFO - Starting RAG Document Cataloger...
2026-01-23 15:57:10,445 - rag-cataloger - INFO - Starting RAG Document Cataloger...
2026-01-23 15:57:23,172 - rag-cataloger - INFO - Starting RAG Document Cataloger...
2026-01-23 15:57:38,706 - rag-cataloger - INFO - Starting RAG Document Cataloger...
2026-01-23 15:58:03,912 - rag-cataloger - INFO - Starting RAG Document Cataloger...
2026-01-23 15:58:05,568 - rag-cataloger - INFO - Starting RAG Document Cataloger...
2026-01-23 15:58:18,418 - rag-cataloger - INFO - Starting RAG Document Cataloger...
2026-01-23 15:58:29,654 - rag-cataloger - INFO - Starting RAG Document Cataloger...
2026-01-23 15:58:41,763 - rag-cataloger - INFO - Starting RAG Document Cataloger...
2026-01-23 15:58:54,269 - rag-cataloger - INFO - Starting RAG Document Cataloger...
2026-01-23 15:59:43,272 - rag-cataloger - INFO - Starting RAG Document Cataloger...
2026-01-23 16:46:55,443 - rag-cataloger - INFO - Starting RAG Document Cataloger...
2026-01-23 16:46:55,538 - rag-cataloger - INFO - Database initialized
2026-01-23 16:46:55,544 - rag-cataloger - INFO - Application started
